// Jest Snapshot v1, https://goo.gl/fbAQLP

exports[`GuessRow element Should render correctly 1`] = `
<div>
  <div
    class="guessRow active"
    role="guess-row"
  >
    <div>
      <div
        class="guess active"
        role="guess"
      />
    </div>
    <div>
      <div
        class="guess "
        role="guess"
      />
    </div>
    <div>
      <div
        class="guess "
        role="guess"
      />
    </div>
    <div>
      <div
        class="guess "
        role="guess"
      />
    </div>
    <div>
      <div
        class="guess "
        role="guess"
      />
    </div>
  </div>
</div>
`;
